Using the latest cached version of the dataset since google-research-datasets/mbpp couldn't be found on the Hugging Face Hub (offline mode is enabled).
Found the latest cached dataset configuration 'full' at /Users/wondaein/.cache/huggingface/datasets/google-research-datasets___mbpp/full/0.0.0/4bb6404fdc6cacfda99d4ac4205087b89d32030c (last modified on Tue Jul 28 17:04:07 2026).
MBPP tests loaded for 499 problems
building templates
  template B: 706 candidates, 0 problems dropped
  template B: cached scores (706)
  template C: 706 candidates, 0 problems dropped
    scored 0/706
    scored 320/706
    scored 640/706
  template D: 706 candidates, 0 problems dropped
    scored 0/706
    scored 320/706
    scored 640/706
  template A: 706 candidates (from the original design)

mean feature shift from terse (9 format features):
  A:  +270.16    +9.00   +36.00    +2.00    +0.19    +1.00    +2.00    +5.03   +15.17
  B:  +261.62    +9.00   +37.00    +2.00    +0.21    +1.00    +1.00    +2.21   +12.25
  C:  +248.86    +0.00   +46.24    +0.00    +0.00    +0.00    +0.00   +32.54   +34.49
  D:  +207.00    +8.00   +30.00    +0.00    +0.00    +1.00    +4.00    +8.91   +30.01

=== analysis 1: leave-one-template-out ===

fit B+C+D -> held-out A  (n=353)
  format @ correct raw +0.083 [+0.011,+0.159]  ->  resid -0.144 [-0.211,-0.069]   change -0.227 [-0.254,-0.201]
  format @ buggy   raw +0.154 [+0.084,+0.229]  ->  resid -0.073 [-0.140,-0.000]   change -0.227 [-0.254,-0.201]
  construct margin raw +0.087 -> resid +0.087 (change +0.000)

fit A+C+D -> held-out B  (n=353)
  format @ correct raw -0.159 [-0.249,-0.071]  ->  resid -0.049 [-0.133,+0.032]   change +0.109 [+0.091,+0.126]
  format @ buggy   raw -0.095 [-0.177,-0.013]  ->  resid +0.014 [-0.065,+0.090]   change +0.109 [+0.091,+0.126]
  construct margin raw +0.094 -> resid +0.094 (change +0.000)

fit A+B+D -> held-out C  (n=353)
  format @ correct raw -1.150 [-1.233,-1.062]  ->  resid -0.200 [-0.342,-0.056]   change +0.950 [+0.817,+1.083]
  format @ buggy   raw -1.081 [-1.161,-0.993]  ->  resid -0.131 [-0.269,+0.011]   change +0.950 [+0.817,+1.083]
  construct margin raw +0.089 -> resid +0.089 (change +0.000)

fit A+B+C -> held-out D  (n=353)
  format @ correct raw -0.340 [-0.408,-0.281]  ->  resid -0.574 [-0.639,-0.519]   change -0.233 [-0.286,-0.181]
  format @ buggy   raw -0.276 [-0.341,-0.216]  ->  resid -0.509 [-0.575,-0.453]   change -0.233 [-0.286,-0.181]
  construct margin raw +0.094 -> resid +0.094 (change +0.000)

=== analysis 2: fit on A only (the operator reported in the paper) ===

fit A -> held-out B  (n=353)
  format @ correct raw -0.159 [-0.249,-0.071]  ->  resid +0.195 [+0.114,+0.275]   change +0.354 [+0.332,+0.378]
  format @ buggy   raw -0.095 [-0.177,-0.013]  ->  resid +0.259 [+0.184,+0.335]   change +0.354 [+0.331,+0.378]
  construct margin raw +0.094 -> resid +0.094 (change +0.000)

fit A -> held-out C  (n=353)
  format @ correct raw -1.150 [-1.233,-1.062]  ->  resid -0.185 [-0.329,-0.035]   change +0.965 [+0.828,+1.104]
  format @ buggy   raw -1.081 [-1.161,-0.993]  ->  resid -0.116 [-0.256,+0.030]   change +0.965 [+0.828,+1.104]
  construct margin raw +0.089 -> resid +0.089 (change +0.000)

fit A -> held-out D  (n=353)
  format @ correct raw -0.340 [-0.408,-0.281]  ->  resid -0.695 [-0.763,-0.635]   change -0.355 [-0.414,-0.301]
  format @ buggy   raw -0.276 [-0.341,-0.216]  ->  resid -0.631 [-0.700,-0.570]   change -0.355 [-0.414,-0.301]
  construct margin raw +0.094 -> resid +0.094 (change +0.000)

=== analysis 3: fit on A+B ===

fit A+B -> held-out C  (n=353)
  format @ correct raw -1.150 [-1.233,-1.062]  ->  resid -0.578 [-0.703,-0.452]   change +0.572 [+0.461,+0.687]
  format @ buggy   raw -1.081 [-1.161,-0.993]  ->  resid -0.509 [-0.628,-0.381]   change +0.572 [+0.461,+0.687]
  construct margin raw +0.089 -> resid +0.089 (change +0.000)

fit A+B -> held-out D  (n=353)
  format @ correct raw -0.340 [-0.408,-0.281]  ->  resid -1.024 [-1.095,-0.961]   change -0.684 [-0.746,-0.627]
  format @ buggy   raw -0.276 [-0.341,-0.216]  ->  resid -0.960 [-1.032,-0.898]   change -0.684 [-0.746,-0.627]
  construct margin raw +0.094 -> resid +0.094 (change +0.000)

wrote /Users/wondaein/ai-vault/experiments/proxy_repair/scripts/../notes/template_generalization.json
