snli {
 "n": 2400,
 "n_adv": 863,
 "C1": 0.7081,
 "R2": 0.1004,
 "delta_adv": 0.0317,
 "C1_CI": [
  0.6882,
  0.7274
 ],
 "R2_CI": [
  0.0735,
  0.1266
 ],
 "delta_adv_CI": [
  0.0185,
  0.0449
 ],
 "alpha_sweep": {
  "0.1": {
   "gain_adv": 0.0255,
   "A_adv": [
    0.9266,
    0.9521
   ],
   "Rlin_rep": 0.1005,
   "R2": -0.0404
  },
  "1.0": {
   "gain_adv": 0.0436,
   "A_adv": [
    0.9266,
    0.9702
   ],
   "Rlin_rep": 0.0153,
   "R2": 0.1004
  },
  "10.0": {
   "gain_adv": 0.0454,
   "A_adv": [
    0.9266,
    0.972
   ],
   "Rlin_rep": 0.1692,
   "R2": 0.0803
  },
  "100.0": {
   "gain_adv": 0.0332,
   "A_adv": [
    0.9266,
    0.9599
   ],
   "Rlin_rep": 0.2763,
   "R2": 0.0165
  }
 },
 "rank_gauss": {
  "Rlin_raw": 0.337,
  "Rlin_rep": 0.0029,
  "gain_adv": 0.0357
 }
}
sick sanity A_full_raw: 0.967 (paper: 0.967)
sick {
 "n": 2116,
 "n_adv": 455,
 "C1": 0.727,
 "R2": 0.14,
 "delta_adv": 0.2019,
 "C1_CI": [
  0.7019,
  0.7503
 ],
 "R2_CI": [
  0.1071,
  0.1721
 ],
 "delta_adv_CI": [
  0.0024,
  0.4292
 ],
 "alpha_sweep": {
  "0.1": {
   "gain_adv": 0.169,
   "A_adv": [
    0.7649,
    0.9339
   ],
   "Rlin_rep": 0.0939,
   "R2": -0.0957
  },
  "1.0": {
   "gain_adv": 0.1989,
   "A_adv": [
    0.7649,
    0.9638
   ],
   "Rlin_rep": 0.0263,
   "R2": 0.14
  },
  "10.0": {
   "gain_adv": 0.1998,
   "A_adv": [
    0.7649,
    0.9647
   ],
   "Rlin_rep": 0.1984,
   "R2": 0.1728
  },
  "100.0": {
   "gain_adv": 0.1638,
   "A_adv": [
    0.7649,
    0.9288
   ],
   "Rlin_rep": 0.3976,
   "R2": 0.0485
  }
 },
 "rank_gauss": {
  "Rlin_raw": 0.517,
  "Rlin_rep": 0.0176,
  "gain_adv": 0.2121
 }
}
toxicity {
 "n": 4000,
 "n_adv": 1781,
 "C1": 0.5444,
 "R2": -0.0052,
 "delta_adv": 0.0343,
 "C1_CI": [
  0.5273,
  0.5622
 ],
 "R2_CI": [
  -0.0122,
  0.0002
 ],
 "delta_adv_CI": [
  0.017,
  0.0515
 ],
 "alpha_sweep": {
  "0.1": {
   "gain_adv": 0.0125,
   "A_adv": [
    0.9187,
    0.9312
   ],
   "Rlin_rep": 0.0102,
   "R2": -0.0082
  },
  "1.0": {
   "gain_adv": 0.0135,
   "A_adv": [
    0.9187,
    0.9322
   ],
   "Rlin_rep": 0.0084,
   "R2": -0.0052
  },
  "10.0": {
   "gain_adv": 0.0175,
   "A_adv": [
    0.9187,
    0.9363
   ],
   "Rlin_rep": 0.0001,
   "R2": -0.001
  },
  "100.0": {
   "gain_adv": 0.0199,
   "A_adv": [
    0.9187,
    0.9387
   ],
   "Rlin_rep": 0.0169,
   "R2": -0.0004
  }
 },
 "rank_gauss": {
  "Rlin_raw": 0.0937,
  "Rlin_rep": 0.0173,
  "gain_adv": 0.0348
 }
}
part2 done
